// Jest Snapshot v1, https://goo.gl/fbAQLP

exports[`renders correctly 1`] = `
[
  <h1
    className="chakra-heading css-rmpr8n"
  />,
  <span />,
]
`;
